Dynamics is set to DG2
CMake Warning (dev) at CMakeLists.txt:118 (find_package):
  Policy CMP0144 is not set: find_package uses upper-case <PACKAGENAME>_ROOT
  variables.  Run "cmake --help-policy CMP0144" for policy details.  Use the
  cmake_policy command to set the policy and suppress this warning.

  Environment variable BOOST_ROOT is set to:

    /home/nvs31/fenics_branch/var/spack/environments/nextsimdg_test_env/.spack-env/view

  For compatibility, find_package is ignoring the variable, but code in a
  .cmake module might still use it.
This warning is for project developers.  Use -Wno-dev to suppress it.

CMake Warning:
  Manually-specified variables were not used by the project:

    PYTHON_EXECUTABLE


CMake Warning at CMakeLists.txt:58 (find_package):
  By not providing "FindZoltan.cmake" in CMAKE_MODULE_PATH this project has
  asked CMake to find a package configuration file provided by "Zoltan", but
  CMake did not find one.

  Could not find a package configuration file provided by "Zoltan" with any
  of the following names:

    ZoltanConfig.cmake
    zoltan-config.cmake

  Add the installation prefix of "Zoltan" to CMAKE_PREFIX_PATH or set
  "Zoltan_DIR" to a directory containing one of the above files.  If "Zoltan"
  provides a separate development package or SDK, be sure it has been
  installed.



real	9m42.599s
user	33m15.813s
sys	0m1.737s
