==> Package scorep was already added to nextsimdg_test_env
==> All of the packages are already installed
-- The CXX compiler identification is GNU 11.3.0
-- Detecting CXX compiler ABI info
-- Detecting CXX compiler ABI info - done
-- Check for working CXX compiler: /home/nvs31/fenics_branch/var/spack/environments/nextsimdg_test_env/.spack-env/view/bin/mpicxx - skipped
-- Detecting CXX compile features
-- Detecting CXX compile features - done
-- Found MPI_CXX: /home/nvs31/fenics_branch/var/spack/environments/nextsimdg_test_env/.spack-env/view/bin/mpicxx (found version "3.1") 
-- Found MPI: TRUE (found version "3.1") found components: CXX 
-- Found PkgConfig: /home/nvs31/fenics_branch/var/spack/environments/nextsimdg_test_env/.spack-env/view/bin/pkg-config (found version "1.9.5") 
-- Checking for one of the modules 'netcdf'
-- Found Boost: /home/nvs31/fenics_branch/var/spack/environments/nextsimdg_test_env/.spack-env/view/lib/cmake/Boost-1.80.0/BoostConfig.cmake (found version "1.80.0") found components: program_options 
-- Performing Test COMPILER_HAS_HIDDEN_VISIBILITY
-- Performing Test COMPILER_HAS_HIDDEN_VISIBILITY - Success
-- Performing Test COMPILER_HAS_HIDDEN_INLINE_VISIBILITY
-- Performing Test COMPILER_HAS_HIDDEN_INLINE_VISIBILITY - Success
-- Performing Test COMPILER_HAS_DEPRECATED_ATTR
-- Performing Test COMPILER_HAS_DEPRECATED_ATTR - Success
-- Configuring done (3.4s)
-- Generating done (1.0s)
-- Build files have been written to: /home/nvs31/domain_decomp/build
[  9%] Generating test_0.nc
[  9%] Generating test_1.nc
[  9%] Building CXX object CMakeFiles/domain_decomp.dir/Grid.cpp.o
[  9%] Building CXX object CMakeFiles/decomp.dir/DomainUtils.cpp.o
[ 14%] Generating test_3.nc
[ 14%] Building CXX object CMakeFiles/decomp.dir/Grid.cpp.o
[ 16%] Generating test_4.nc
[ 19%] Generating test_2.nc
[ 19%] Built target generate_input_files
[ 21%] Building CXX object CMakeFiles/decomp.dir/Partitioner.cpp.o
[ 23%] Building CXX object CMakeFiles/decomp.dir/ZoltanPartitioner.cpp.o
[ 26%] Building CXX object CMakeFiles/domain_decomp.dir/DomainUtils.cpp.o
[ 28%] Building CXX object CMakeFiles/domain_decomp.dir/Partitioner.cpp.o
[ 30%] Building CXX object CMakeFiles/decomp.dir/main.cpp.o
[ 33%] Building CXX object CMakeFiles/domain_decomp.dir/ZoltanPartitioner.cpp.o
[ 35%] Linking CXX shared library libdomain_decomp.so
[ 35%] Built target domain_decomp
[ 42%] Building CXX object test/CMakeFiles/test_grid_0.dir/test_grid_0.cpp.o
[ 42%] Building CXX object test/CMakeFiles/test_grid_2.dir/test_grid_2.cpp.o
[ 42%] Building CXX object test/CMakeFiles/test_grid_1.dir/test_grid_1.cpp.o
[ 45%] Building CXX object test/CMakeFiles/test_grid_0.dir/MainMPI.cpp.o
[ 47%] Building CXX object test/CMakeFiles/test_grid_1.dir/MainMPI.cpp.o
[ 50%] Building CXX object test/CMakeFiles/test_grid_2.dir/MainMPI.cpp.o
[ 52%] Linking CXX executable decomp
[ 52%] Built target decomp
[ 54%] Building CXX object test/CMakeFiles/test_zoltan_0.dir/test_zoltan_partitioner_0.cpp.o
[ 57%] Building CXX object test/CMakeFiles/test_zoltan_0.dir/MainMPI.cpp.o
[ 59%] Linking CXX executable test_grid_1
[ 61%] Linking CXX executable test_grid_0
[ 64%] Linking CXX executable test_grid_2
[ 64%] Built target test_grid_1
[ 64%] Built target test_grid_0
[ 66%] Building CXX object test/CMakeFiles/test_zoltan_1.dir/test_zoltan_partitioner_1.cpp.o
[ 69%] Building CXX object test/CMakeFiles/test_zoltan_2.dir/test_zoltan_partitioner_2.cpp.o
[ 69%] Built target test_grid_2
[ 71%] Building CXX object test/CMakeFiles/test_haloCornerBufferPositions.dir/test_haloCornerBufferPositions.cpp.o
[ 73%] Building CXX object test/CMakeFiles/test_zoltan_1.dir/MainMPI.cpp.o
[ 76%] Building CXX object test/CMakeFiles/test_zoltan_2.dir/MainMPI.cpp.o
[ 78%] Building CXX object test/CMakeFiles/test_haloCornerBufferPositions.dir/MainMPI.cpp.o
[ 80%] Linking CXX executable test_zoltan_0
[ 80%] Built target test_zoltan_0
[ 83%] Building CXX object test/CMakeFiles/test_haloEdgeBufferPositions.dir/test_haloEdgeBufferPositions.cpp.o
[ 85%] Building CXX object test/CMakeFiles/test_haloEdgeBufferPositions.dir/MainMPI.cpp.o
[ 88%] Linking CXX executable test_zoltan_1
[ 90%] Linking CXX executable test_zoltan_2
[ 90%] Built target test_zoltan_2
[ 90%] Built target test_zoltan_1
[ 95%] Linking CXX executable test_haloCornerBufferPositions
[ 95%] Building CXX object examples/CMakeFiles/zoltan_comm.dir/zoltan_comm.cpp.o
[ 95%] Built target test_haloCornerBufferPositions
[ 97%] Linking CXX executable test_haloEdgeBufferPositions
[100%] Linking CXX executable zoltan_comm
[100%] Built target test_haloEdgeBufferPositions
[100%] Built target zoltan_comm
Running tests...
Test project /home/nvs31/domain_decomp/build
    Start 1: test_grid_0
1/9 Test #1: test_grid_0 ......................   Passed    0.54 sec
    Start 2: test_grid_1
2/9 Test #2: test_grid_1 ......................   Passed    0.50 sec
    Start 3: test_grid_2
3/9 Test #3: test_grid_2 ......................   Passed    0.49 sec
    Start 4: test_zoltan_0
4/9 Test #4: test_zoltan_0 ....................   Passed    0.53 sec
    Start 5: test_zoltan_1
5/9 Test #5: test_zoltan_1 ....................   Passed    0.50 sec
    Start 6: test_zoltan_2
6/9 Test #6: test_zoltan_2 ....................   Passed    0.93 sec
    Start 7: test_haloCornerBufferPositions
7/9 Test #7: test_haloCornerBufferPositions ...   Passed    0.51 sec
    Start 8: test_haloEdgeBufferPositions
8/9 Test #8: test_haloEdgeBufferPositions .....   Passed    0.47 sec
    Start 9: integration
9/9 Test #9: integration ......................   Passed   12.67 sec

100% tests passed, 0 tests failed out of 9

Total Test time (real) =  17.16 sec
[ 11%] Built target domain_decomp
[ 26%] Built target decomp
[ 33%] Built target test_grid_0
[ 40%] Built target test_grid_1
[ 47%] Built target test_grid_2
[ 54%] Built target test_zoltan_0
[ 61%] Built target test_zoltan_1
[ 69%] Built target test_zoltan_2
[ 76%] Built target test_haloCornerBufferPositions
[ 83%] Built target test_haloEdgeBufferPositions
[ 95%] Built target generate_input_files
[100%] Built target zoltan_comm
Install the project...
-- Install configuration: ""
-- Installing: /home/nvs31/domain_decomp/build/lib64/libdomain_decomp.so.1.0
-- Installing: /home/nvs31/domain_decomp/build/lib64/libdomain_decomp.so.1
-- Set runtime path of "/home/nvs31/domain_decomp/build/lib64/libdomain_decomp.so.1.0" to "$ORIGIN/../lib64:$ORIGIN/../../lib64:/rds/user/nvs31/hpc-work/spack/install/linux-rocky8-icelake/gcc-11.3.0/netcdf-c-4.9.2-2seaiwx2vqsdp6gumohwacf2yud2w3vo/lib:/home/nvs31/fenics_branch/var/spack/environments/nextsimdg_test_env/.spack-env/view/lib"
-- Installing: /home/nvs31/domain_decomp/build/lib64/libdomain_decomp.so
-- Installing: /home/nvs31/domain_decomp/build/include/Grid.hpp
-- Installing: /home/nvs31/domain_decomp/build/include/Partitioner.hpp
-- Installing: /home/nvs31/domain_decomp/build/include/DomainUtils.hpp
-- Installing: /home/nvs31/domain_decomp/build/lib64/cmake/nextSIMutilsConfig.cmake
-- Installing: /home/nvs31/domain_decomp/build/lib64/cmake/nextSIMutilsConfig-noconfig.cmake
-- Installing: /home/nvs31/domain_decomp/build/bin/decomp
-- Set runtime path of "/home/nvs31/domain_decomp/build/bin/decomp" to "$ORIGIN/../lib64:$ORIGIN/../../lib64:/rds/user/nvs31/hpc-work/spack/install/linux-rocky8-icelake/gcc-11.3.0/netcdf-c-4.9.2-2seaiwx2vqsdp6gumohwacf2yud2w3vo/lib:/home/nvs31/fenics_branch/var/spack/environments/nextsimdg_test_env/.spack-env/view/lib:/home/nvs31/fenics_branch/var/spack/environments/nextsimdg_test_env/.spack-env/._view/swtytcgz6iioy4ex6s44w5g6r33jfpn6/lib"
-- Installing: /home/nvs31/domain_decomp/build/bin/examples/zoltan_comm
-- Set runtime path of "/home/nvs31/domain_decomp/build/bin/examples/zoltan_comm" to "$ORIGIN/../lib64:$ORIGIN/../../lib64:/home/nvs31/fenics_branch/var/spack/environments/nextsimdg_test_env/.spack-env/._view/swtytcgz6iioy4ex6s44w5g6r33jfpn6/lib"
MPI Size: 1
MPI Size: 1; Number of threads 1
