CMake Warning:
  Ignoring extra path from command line:

   ".."


CMake Error: The source directory "/home/nvs31/nextsimdg/scripts" does not appear to contain CMakeLists.txt.
Specify --help for usage, or press the help button on the CMake GUI.
make: *** No targets specified and no makefile found.  Stop.
CMake Warning at CMakeLists.txt:58 (find_package):
  By not providing "FindZoltan.cmake" in CMAKE_MODULE_PATH this project has
  asked CMake to find a package configuration file provided by "Zoltan", but
  CMake did not find one.

  Could not find a package configuration file provided by "Zoltan" with any
  of the following names:

    ZoltanConfig.cmake
    zoltan-config.cmake

  Add the installation prefix of "Zoltan" to CMAKE_PREFIX_PATH or set
  "Zoltan_DIR" to a directory containing one of the above files.  If "Zoltan"
  provides a separate development package or SDK, be sure it has been
  installed.



============================================================
Allinea Sampler [80968]: Error loading custom metrics library:
libpapi.so.5.2.0.0: cannot open shared object file: No such file or directory
============================================================

